timer.c:249:6:TMR_Init	0	static
timer.c:263:6:TMR_Tick	8	static
timer.c:237:6:TMR_IRQ	0	static
timer.c:287:6:TMR_Add	8	static
timer.c:338:6:TMR_SetAutoreload	0	static
timer.c:352:6:TMR_Start	0	static
timer.c:366:6:TMR_Stop	0	static
timer.c:375:6:TMR_Restart	0	static
timer.c:385:6:TMR_RestartWithNewDelay	0	static
timer.c:395:6:TMR_Clear	0	static
timer.c:404:6:TMR_ExecuteCallbacks	16	static
timer.c:418:6:TMR_BlockingDelay	0	static
timer.c:434:10:TMR_GetLeftTime	0	static
timer.c:438:10:TMR_GetElapsedTime	0	static
timer.c:447:16:TMR_GetStatus	0	static
timer.c:459:10:TMR_GetTimeFromStart	0	static
timer.c:469:6:TMR_StartWait	0	static
timer.c:477:6:TMR_SetTimeFromStart	0	static
timer.c:486:9:TMR_WaitUntil	0	static
timer.c:511:6:TMR_ResetMCU	8	static
